12:53:02 **** Incremental Build of configuration Debug for project multiplexer ****
make -j8 all 
arm-none-eabi-gcc "../Core/Src/main.c" -mcpu=cortex-m3 -std=gnu11 -g3 -DDEBUG -DUSE_HAL_DRIVER -DSTM32L152xE -c -I../Core/Inc -I../Drivers/STM32L1xx_HAL_Driver/Inc -I../Drivers/STM32L1xx_HAL_Driver/Inc/Legacy -I../Drivers/CMSIS/Device/ST/STM32L1xx/Include -I../Drivers/CMSIS/Include -O0 -ffunction-sections -fdata-sections -Wall -fstack-usage -fcyclomatic-complexity -MMD -MP -MF"Core/Src/main.d" -MT"Core/Src/main.o" --specs=nano.specs -mfloat-abi=soft -mthumb -o "Core/Src/main.o"
arm-none-eabi-gcc "../Core/Src/stm32l1xx_hal_msp.c" -mcpu=cortex-m3 -std=gnu11 -g3 -DDEBUG -DUSE_HAL_DRIVER -DSTM32L152xE -c -I../Core/Inc -I../Drivers/STM32L1xx_HAL_Driver/Inc -I../Drivers/STM32L1xx_HAL_Driver/Inc/Legacy -I../Drivers/CMSIS/Device/ST/STM32L1xx/Include -I../Drivers/CMSIS/Include -O0 -ffunction-sections -fdata-sections -Wall -fstack-usage -fcyclomatic-complexity -MMD -MP -MF"Core/Src/stm32l1xx_hal_msp.d" -MT"Core/Src/stm32l1xx_hal_msp.o" --specs=nano.specs -mfloat-abi=soft -mthumb -o "Core/Src/stm32l1xx_hal_msp.o"
arm-none-eabi-gcc "../Core/Src/stm32l1xx_it.c" -mcpu=cortex-m3 -std=gnu11 -g3 -DDEBUG -DUSE_HAL_DRIVER -DSTM32L152xE -c -I../Core/Inc -I../Drivers/STM32L1xx_HAL_Driver/Inc -I../Drivers/STM32L1xx_HAL_Driver/Inc/Legacy -I../Drivers/CMSIS/Device/ST/STM32L1xx/Include -I../Drivers/CMSIS/Include -O0 -ffunction-sections -fdata-sections -Wall -fstack-usage -fcyclomatic-complexity -MMD -MP -MF"Core/Src/stm32l1xx_it.d" -MT"Core/Src/stm32l1xx_it.o" --specs=nano.specs -mfloat-abi=soft -mthumb -o "Core/Src/stm32l1xx_it.o"
../Core/Src/main.c: In function 'main':
../Core/Src/main.c:91:18: warning: unused variable 'raw' [-Wunused-variable]
   91 |         uint16_t raw;
      |                  ^~~
arm-none-eabi-gcc -o "multiplexer.elf" @"objects.list"   -mcpu=cortex-m3 -T"C:\Users\Matias Grahn\STM32CubeIDE\workspace_1.12.0\multiplexer\STM32L152RETX_FLASH.ld" --specs=nosys.specs -Wl,-Map="multiplexer.map" -Wl,--gc-sections -static --specs=nano.specs -mfloat-abi=soft -mthumb -u _printf_float -Wl,--start-group -lc -lm -Wl,--end-group
Finished building target: multiplexer.elf
 
arm-none-eabi-size   multiplexer.elf 
arm-none-eabi-objdump -h -S  multiplexer.elf  > "multiplexer.list"
   text	   data	    bss	    dec	    hex	filename
  27260	    476	   2076	  29812	   7474	multiplexer.elf
Finished building: default.size.stdout
 
Finished building: multiplexer.list
 
12:53:11 **** Incremental Build of configuration Debug for project multiplexer ****
make -j8 all 
arm-none-eabi-size   multiplexer.elf 
   text	   data	    bss	    dec	    hex	filename
  27260	    476	   2076	  29812	   7474	multiplexer.elf
Finished building: default.size.stdout
 
13:16:19 **** Incremental Build of configuration Debug for project ADC ****
make -j8 all 
arm-none-eabi-size   ADC.elf 
   text	   data	    bss	    dec	    hex	filename
  26292	    476	   2060	  28828	   709c	ADC.elf
Finished building: default.size.stdout
 
13:16:20 **** Incremental Build of configuration Debug for project multiplexer ****
make -j8 all 
arm-none-eabi-gcc "../Core/Src/main.c" -mcpu=cortex-m3 -std=gnu11 -g3 -DDEBUG -DUSE_HAL_DRIVER -DSTM32L152xE -c -I../Core/Inc -I../Drivers/STM32L1xx_HAL_Driver/Inc -I../Drivers/STM32L1xx_HAL_Driver/Inc/Legacy -I../Drivers/CMSIS/Device/ST/STM32L1xx/Include -I../Drivers/CMSIS/Include -O0 -ffunction-sections -fdata-sections -Wall -fstack-usage -fcyclomatic-complexity -MMD -MP -MF"Core/Src/main.d" -MT"Core/Src/main.o" --specs=nano.specs -mfloat-abi=soft -mthumb -o "Core/Src/main.o"
../Core/Src/main.c: In function 'main':
../Core/Src/main.c:91:18: warning: unused variable 'raw' [-Wunused-variable]
   91 |         uint16_t raw;
      |                  ^~~
arm-none-eabi-gcc -o "multiplexer.elf" @"objects.list"   -mcpu=cortex-m3 -T"C:\Users\Matias Grahn\STM32CubeIDE\workspace_1.12.0\multiplexer\STM32L152RETX_FLASH.ld" --specs=nosys.specs -Wl,-Map="multiplexer.map" -Wl,--gc-sections -static --specs=nano.specs -mfloat-abi=soft -mthumb -u _printf_float -Wl,--start-group -lc -lm -Wl,--end-group
Finished building target: multiplexer.elf
 
arm-none-eabi-size   multiplexer.elf 
arm-none-eabi-objdump -h -S  multiplexer.elf  > "multiplexer.list"
   text	   data	    bss	    dec	    hex	filename
  27260	    476	   2076	  29812	   7474	multiplexer.elf
Finished building: default.size.stdout
 
Finished building: multiplexer.list
 
13:16:27 **** Incremental Build of configuration Debug for project multiplexer ****
make -j8 all 
arm-none-eabi-gcc "../Core/Src/main.c" -mcpu=cortex-m3 -std=gnu11 -g3 -DDEBUG -DUSE_HAL_DRIVER -DSTM32L152xE -c -I../Core/Inc -I../Drivers/STM32L1xx_HAL_Driver/Inc -I../Drivers/STM32L1xx_HAL_Driver/Inc/Legacy -I../Drivers/CMSIS/Device/ST/STM32L1xx/Include -I../Drivers/CMSIS/Include -O0 -ffunction-sections -fdata-sections -Wall -fstack-usage -fcyclomatic-complexity -MMD -MP -MF"Core/Src/main.d" -MT"Core/Src/main.o" --specs=nano.specs -mfloat-abi=soft -mthumb -o "Core/Src/main.o"
../Core/Src/main.c: In function 'main':
../Core/Src/main.c:91:18: warning: unused variable 'raw' [-Wunused-variable]
   91 |         uint16_t raw;
      |                  ^~~
arm-none-eabi-gcc -o "multiplexer.elf" @"objects.list"   -mcpu=cortex-m3 -T"C:\Users\Matias Grahn\STM32CubeIDE\workspace_1.12.0\multiplexer\STM32L152RETX_FLASH.ld" --specs=nosys.specs -Wl,-Map="multiplexer.map" -Wl,--gc-sections -static --specs=nano.specs -mfloat-abi=soft -mthumb -u _printf_float -Wl,--start-group -lc -lm -Wl,--end-group
Finished building target: multiplexer.elf
 
arm-none-eabi-size   multiplexer.elf 
arm-none-eabi-objdump -h -S  multiplexer.elf  > "multiplexer.list"
   text	   data	    bss	    dec	    hex	filename
  27260	    476	   2076	  29812	   7474	multiplexer.elf
Finished building: default.size.stdout
 
Finished building: multiplexer.list
 
13:17:40 **** Incremental Build of configuration Debug for project multiplexer ****
make -j8 all 
arm-none-eabi-size   multiplexer.elf 
   text	   data	    bss	    dec	    hex	filename
  27260	    476	   2076	  29812	   7474	multiplexer.elf
Finished building: default.size.stdout
 
16:28:58 **** Incremental Build of configuration Debug for project multiplexer ****
make -j8 all 
arm-none-eabi-size   multiplexer.elf 
   text	   data	    bss	    dec	    hex	filename
  27260	    476	   2076	  29812	   7474	multiplexer.elf
Finished building: default.size.stdout
 
16:29:55 **** Incremental Build of configuration Debug for project ADC ****
make -j8 all 
arm-none-eabi-size   ADC.elf 
   text	   data	    bss	    dec	    hex	filename
  26292	    476	   2060	  28828	   709c	ADC.elf
Finished building: default.size.stdout
 
16:29:56 **** Incremental Build of configuration Debug for project multiplexer ****
make -j8 all 
arm-none-eabi-gcc "../Core/Src/main.c" -mcpu=cortex-m3 -std=gnu11 -g3 -DDEBUG -DUSE_HAL_DRIVER -DSTM32L152xE -c -I../Core/Inc -I../Drivers/STM32L1xx_HAL_Driver/Inc -I../Drivers/STM32L1xx_HAL_Driver/Inc/Legacy -I../Drivers/CMSIS/Device/ST/STM32L1xx/Include -I../Drivers/CMSIS/Include -O0 -ffunction-sections -fdata-sections -Wall -fstack-usage -fcyclomatic-complexity -MMD -MP -MF"Core/Src/main.d" -MT"Core/Src/main.o" --specs=nano.specs -mfloat-abi=soft -mthumb -o "Core/Src/main.o"
../Core/Src/main.c: In function 'main':
../Core/Src/main.c:91:18: warning: unused variable 'raw' [-Wunused-variable]
   91 |         uint16_t raw;
      |                  ^~~
arm-none-eabi-gcc -o "multiplexer.elf" @"objects.list"   -mcpu=cortex-m3 -T"C:\Users\Matias Grahn\STM32CubeIDE\workspace_1.12.0\multiplexer\STM32L152RETX_FLASH.ld" --specs=nosys.specs -Wl,-Map="multiplexer.map" -Wl,--gc-sections -static --specs=nano.specs -mfloat-abi=soft -mthumb -u _printf_float -Wl,--start-group -lc -lm -Wl,--end-group
Finished building target: multiplexer.elf
 
arm-none-eabi-size   multiplexer.elf 
arm-none-eabi-objdump -h -S  multiplexer.elf  > "multiplexer.list"
   text	   data	    bss	    dec	    hex	filename
  27452	    476	   2076	  30004	   7534	multiplexer.elf
Finished building: default.size.stdout
 
Finished building: multiplexer.list
 
16:30:01 **** Incremental Build of configuration Debug for project multiplexer ****
make -j8 all 
arm-none-eabi-size   multiplexer.elf 
   text	   data	    bss	    dec	    hex	filename
  27452	    476	   2076	  30004	   7534	multiplexer.elf
Finished building: default.size.stdout
 
16:31:17 **** Incremental Build of configuration Debug for project ADC ****
make -j8 all 
arm-none-eabi-size   ADC.elf 
   text	   data	    bss	    dec	    hex	filename
  26292	    476	   2060	  28828	   709c	ADC.elf
Finished building: default.size.stdout
 
16:31:18 **** Incremental Build of configuration Debug for project multiplexer ****
make -j8 all 
arm-none-eabi-gcc "../Core/Src/main.c" -mcpu=cortex-m3 -std=gnu11 -g3 -DDEBUG -DUSE_HAL_DRIVER -DSTM32L152xE -c -I../Core/Inc -I../Drivers/STM32L1xx_HAL_Driver/Inc -I../Drivers/STM32L1xx_HAL_Driver/Inc/Legacy -I../Drivers/CMSIS/Device/ST/STM32L1xx/Include -I../Drivers/CMSIS/Include -O0 -ffunction-sections -fdata-sections -Wall -fstack-usage -fcyclomatic-complexity -MMD -MP -MF"Core/Src/main.d" -MT"Core/Src/main.o" --specs=nano.specs -mfloat-abi=soft -mthumb -o "Core/Src/main.o"
../Core/Src/main.c: In function 'main':
../Core/Src/main.c:91:18: warning: unused variable 'raw' [-Wunused-variable]
   91 |         uint16_t raw;
      |                  ^~~
arm-none-eabi-gcc -o "multiplexer.elf" @"objects.list"   -mcpu=cortex-m3 -T"C:\Users\Matias Grahn\STM32CubeIDE\workspace_1.12.0\multiplexer\STM32L152RETX_FLASH.ld" --specs=nosys.specs -Wl,-Map="multiplexer.map" -Wl,--gc-sections -static --specs=nano.specs -mfloat-abi=soft -mthumb -u _printf_float -Wl,--start-group -lc -lm -Wl,--end-group
Finished building target: multiplexer.elf
 
arm-none-eabi-size   multiplexer.elf 
arm-none-eabi-objdump -h -S  multiplexer.elf  > "multiplexer.list"
   text	   data	    bss	    dec	    hex	filename
  27588	    476	   2076	  30140	   75bc	multiplexer.elf
Finished building: default.size.stdout
 
Finished building: multiplexer.list
 
16:31:22 **** Incremental Build of configuration Debug for project multiplexer ****
make -j8 all 
arm-none-eabi-size   multiplexer.elf 
   text	   data	    bss	    dec	    hex	filename
  27588	    476	   2076	  30140	   75bc	multiplexer.elf
Finished building: default.size.stdout
 
16:32:07 **** Incremental Build of configuration Debug for project ADC ****
make -j8 all 
arm-none-eabi-size   ADC.elf 
   text	   data	    bss	    dec	    hex	filename
  26292	    476	   2060	  28828	   709c	ADC.elf
Finished building: default.size.stdout
 
16:32:07 **** Incremental Build of configuration Debug for project multiplexer ****
make -j8 all 
arm-none-eabi-gcc "../Core/Src/main.c" -mcpu=cortex-m3 -std=gnu11 -g3 -DDEBUG -DUSE_HAL_DRIVER -DSTM32L152xE -c -I../Core/Inc -I../Drivers/STM32L1xx_HAL_Driver/Inc -I../Drivers/STM32L1xx_HAL_Driver/Inc/Legacy -I../Drivers/CMSIS/Device/ST/STM32L1xx/Include -I../Drivers/CMSIS/Include -O0 -ffunction-sections -fdata-sections -Wall -fstack-usage -fcyclomatic-complexity -MMD -MP -MF"Core/Src/main.d" -MT"Core/Src/main.o" --specs=nano.specs -mfloat-abi=soft -mthumb -o "Core/Src/main.o"
../Core/Src/main.c: In function 'main':
../Core/Src/main.c:91:18: warning: unused variable 'raw' [-Wunused-variable]
   91 |         uint16_t raw;
      |                  ^~~
arm-none-eabi-gcc -o "multiplexer.elf" @"objects.list"   -mcpu=cortex-m3 -T"C:\Users\Matias Grahn\STM32CubeIDE\workspace_1.12.0\multiplexer\STM32L152RETX_FLASH.ld" --specs=nosys.specs -Wl,-Map="multiplexer.map" -Wl,--gc-sections -static --specs=nano.specs -mfloat-abi=soft -mthumb -u _printf_float -Wl,--start-group -lc -lm -Wl,--end-group
Finished building target: multiplexer.elf
 
arm-none-eabi-size   multiplexer.elf 
arm-none-eabi-objdump -h -S  multiplexer.elf  > "multiplexer.list"
   text	   data	    bss	    dec	    hex	filename
  27588	    476	   2076	  30140	   75bc	multiplexer.elf
Finished building: default.size.stdout
 
Finished building: multiplexer.list
 
16:33:07 **** Incremental Build of configuration Debug for project multiplexer ****
make -j8 all 
arm-none-eabi-size   multiplexer.elf 
   text	   data	    bss	    dec	    hex	filename
  27588	    476	   2076	  30140	   75bc	multiplexer.elf
Finished building: default.size.stdout
 
16:37:22 **** Incremental Build of configuration Debug for project ADC ****
make -j8 all 
arm-none-eabi-size   ADC.elf 
   text	   data	    bss	    dec	    hex	filename
  26292	    476	   2060	  28828	   709c	ADC.elf
Finished building: default.size.stdout
 
16:37:23 **** Incremental Build of configuration Debug for project multiplexer ****
make -j8 all 
arm-none-eabi-gcc "../Core/Src/main.c" -mcpu=cortex-m3 -std=gnu11 -g3 -DDEBUG -DUSE_HAL_DRIVER -DSTM32L152xE -c -I../Core/Inc -I../Drivers/STM32L1xx_HAL_Driver/Inc -I../Drivers/STM32L1xx_HAL_Driver/Inc/Legacy -I../Drivers/CMSIS/Device/ST/STM32L1xx/Include -I../Drivers/CMSIS/Include -O0 -ffunction-sections -fdata-sections -Wall -fstack-usage -fcyclomatic-complexity -MMD -MP -MF"Core/Src/main.d" -MT"Core/Src/main.o" --specs=nano.specs -mfloat-abi=soft -mthumb -o "Core/Src/main.o"
../Core/Src/main.c: In function 'main':
../Core/Src/main.c:91:18: warning: unused variable 'raw' [-Wunused-variable]
   91 |         uint16_t raw;
      |                  ^~~
arm-none-eabi-gcc -o "multiplexer.elf" @"objects.list"   -mcpu=cortex-m3 -T"C:\Users\Matias Grahn\STM32CubeIDE\workspace_1.12.0\multiplexer\STM32L152RETX_FLASH.ld" --specs=nosys.specs -Wl,-Map="multiplexer.map" -Wl,--gc-sections -static --specs=nano.specs -mfloat-abi=soft -mthumb -u _printf_float -Wl,--start-group -lc -lm -Wl,--end-group
Finished building target: multiplexer.elf
 
arm-none-eabi-size   multiplexer.elf 
arm-none-eabi-objdump -h -S  multiplexer.elf  > "multiplexer.list"
   text	   data	    bss	    dec	    hex	filename
  27468	    476	   2076	  30020	   7544	multiplexer.elf
Finished building: default.size.stdout
 
Finished building: multiplexer.list
 
16:37:26 **** Incremental Build of configuration Debug for project multiplexer ****
make -j8 all 
arm-none-eabi-size   multiplexer.elf 
   text	   data	    bss	    dec	    hex	filename
  27468	    476	   2076	  30020	   7544	multiplexer.elf
Finished building: default.size.stdout
 
16:40:04 **** Incremental Build of configuration Debug for project ADC ****
make -j8 all 
arm-none-eabi-size   ADC.elf 
   text	   data	    bss	    dec	    hex	filename
  26292	    476	   2060	  28828	   709c	ADC.elf
Finished building: default.size.stdout
 
16:40:05 **** Incremental Build of configuration Debug for project multiplexer ****
make -j8 all 
arm-none-eabi-gcc "../Core/Src/main.c" -mcpu=cortex-m3 -std=gnu11 -g3 -DDEBUG -DUSE_HAL_DRIVER -DSTM32L152xE -c -I../Core/Inc -I../Drivers/STM32L1xx_HAL_Driver/Inc -I../Drivers/STM32L1xx_HAL_Driver/Inc/Legacy -I../Drivers/CMSIS/Device/ST/STM32L1xx/Include -I../Drivers/CMSIS/Include -O0 -ffunction-sections -fdata-sections -Wall -fstack-usage -fcyclomatic-complexity -MMD -MP -MF"Core/Src/main.d" -MT"Core/Src/main.o" --specs=nano.specs -mfloat-abi=soft -mthumb -o "Core/Src/main.o"
../Core/Src/main.c: In function 'main':
../Core/Src/main.c:91:18: warning: unused variable 'raw' [-Wunused-variable]
   91 |         uint16_t raw;
      |                  ^~~
arm-none-eabi-gcc -o "multiplexer.elf" @"objects.list"   -mcpu=cortex-m3 -T"C:\Users\Matias Grahn\STM32CubeIDE\workspace_1.12.0\multiplexer\STM32L152RETX_FLASH.ld" --specs=nosys.specs -Wl,-Map="multiplexer.map" -Wl,--gc-sections -static --specs=nano.specs -mfloat-abi=soft -mthumb -u _printf_float -Wl,--start-group -lc -lm -Wl,--end-group
Finished building target: multiplexer.elf
 
arm-none-eabi-size   multiplexer.elf 
arm-none-eabi-objdump -h -S  multiplexer.elf  > "multiplexer.list"
   text	   data	    bss	    dec	    hex	filename
  27468	    476	   2076	  30020	   7544	multiplexer.elf
Finished building: default.size.stdout
 
Finished building: multiplexer.list
 
16:40:14 **** Incremental Build of configuration Debug for project ADC ****
make -j8 all 
arm-none-eabi-size   ADC.elf 
   text	   data	    bss	    dec	    hex	filename
  26292	    476	   2060	  28828	   709c	ADC.elf
Finished building: default.size.stdout
 
16:40:14 **** Incremental Build of configuration Debug for project multiplexer ****
make -j8 all 
arm-none-eabi-size   multiplexer.elf 
   text	   data	    bss	    dec	    hex	filename
  27468	    476	   2076	  30020	   7544	multiplexer.elf
Finished building: default.size.stdout
 
16:40:20 **** Incremental Build of configuration Debug for project multiplexer ****
make -j8 all 
arm-none-eabi-size   multiplexer.elf 
   text	   data	    bss	    dec	    hex	filename
  27468	    476	   2076	  30020	   7544	multiplexer.elf
Finished building: default.size.stdout
 
16:41:16 **** Build of configuration Debug for project ADC ****
make -j8 all 
arm-none-eabi-size   ADC.elf 
   text	   data	    bss	    dec	    hex	filename
  26292	    476	   2060	  28828	   709c	ADC.elf
Finished building: default.size.stdout
 
16:41:17 **** Build of configuration Debug for project multiplexer ****
make -j8 all 
arm-none-eabi-gcc "../Core/Src/main.c" -mcpu=cortex-m3 -std=gnu11 -g3 -DDEBUG -DUSE_HAL_DRIVER -DSTM32L152xE -c -I../Core/Inc -I../Drivers/STM32L1xx_HAL_Driver/Inc -I../Drivers/STM32L1xx_HAL_Driver/Inc/Legacy -I../Drivers/CMSIS/Device/ST/STM32L1xx/Include -I../Drivers/CMSIS/Include -O0 -ffunction-sections -fdata-sections -Wall -fstack-usage -fcyclomatic-complexity -MMD -MP -MF"Core/Src/main.d" -MT"Core/Src/main.o" --specs=nano.specs -mfloat-abi=soft -mthumb -o "Core/Src/main.o"
../Core/Src/main.c: In function 'main':
../Core/Src/main.c:91:18: warning: unused variable 'raw' [-Wunused-variable]
   91 |         uint16_t raw;
      |                  ^~~
arm-none-eabi-gcc -o "multiplexer.elf" @"objects.list"   -mcpu=cortex-m3 -T"C:\Users\Matias Grahn\STM32CubeIDE\workspace_1.12.0\multiplexer\STM32L152RETX_FLASH.ld" --specs=nosys.specs -Wl,-Map="multiplexer.map" -Wl,--gc-sections -static --specs=nano.specs -mfloat-abi=soft -mthumb -u _printf_float -Wl,--start-group -lc -lm -Wl,--end-group
Finished building target: multiplexer.elf
 
arm-none-eabi-size   multiplexer.elf 
arm-none-eabi-objdump -h -S  multiplexer.elf  > "multiplexer.list"
   text	   data	    bss	    dec	    hex	filename
  27468	    476	   2076	  30020	   7544	multiplexer.elf
Finished building: default.size.stdout
 
Finished building: multiplexer.list
 
16:41:21 **** Incremental Build of configuration Debug for project multiplexer ****
make -j8 all 
arm-none-eabi-size   multiplexer.elf 
   text	   data	    bss	    dec	    hex	filename
  27468	    476	   2076	  30020	   7544	multiplexer.elf
Finished building: default.size.stdout
 
16:41:48 **** Incremental Build of configuration Debug for project multiplexer ****
make -j8 all 
arm-none-eabi-size   multiplexer.elf 
   text	   data	    bss	    dec	    hex	filename
  27468	    476	   2076	  30020	   7544	multiplexer.elf
Finished building: default.size.stdout
 
16:45:45 **** Incremental Build of configuration Debug for project ADC ****
make -j8 all 
arm-none-eabi-size   ADC.elf 
   text	   data	    bss	    dec	    hex	filename
  26292	    476	   2060	  28828	   709c	ADC.elf
Finished building: default.size.stdout
 
16:45:46 **** Incremental Build of configuration Debug for project multiplexer ****
make -j8 all 
arm-none-eabi-gcc "../Core/Src/main.c" -mcpu=cortex-m3 -std=gnu11 -g3 -DDEBUG -DUSE_HAL_DRIVER -DSTM32L152xE -c -I../Core/Inc -I../Drivers/STM32L1xx_HAL_Driver/Inc -I../Drivers/STM32L1xx_HAL_Driver/Inc/Legacy -I../Drivers/CMSIS/Device/ST/STM32L1xx/Include -I../Drivers/CMSIS/Include -O0 -ffunction-sections -fdata-sections -Wall -fstack-usage -fcyclomatic-complexity -MMD -MP -MF"Core/Src/main.d" -MT"Core/Src/main.o" --specs=nano.specs -mfloat-abi=soft -mthumb -o "Core/Src/main.o"
../Core/Src/main.c: In function 'main':
../Core/Src/main.c:91:18: warning: unused variable 'raw' [-Wunused-variable]
   91 |         uint16_t raw;
      |                  ^~~
arm-none-eabi-gcc -o "multiplexer.elf" @"objects.list"   -mcpu=cortex-m3 -T"C:\Users\Matias Grahn\STM32CubeIDE\workspace_1.12.0\multiplexer\STM32L152RETX_FLASH.ld" --specs=nosys.specs -Wl,-Map="multiplexer.map" -Wl,--gc-sections -static --specs=nano.specs -mfloat-abi=soft -mthumb -u _printf_float -Wl,--start-group -lc -lm -Wl,--end-group
Finished building target: multiplexer.elf
 
arm-none-eabi-size   multiplexer.elf 
arm-none-eabi-objdump -h -S  multiplexer.elf  > "multiplexer.list"
   text	   data	    bss	    dec	    hex	filename
  27468	    476	   2076	  30020	   7544	multiplexer.elf
Finished building: default.size.stdout
 
Finished building: multiplexer.list
 
16:45:49 **** Incremental Build of configuration Debug for project multiplexer ****
make -j8 all 
arm-none-eabi-size   multiplexer.elf 
   text	   data	    bss	    dec	    hex	filename
  27468	    476	   2076	  30020	   7544	multiplexer.elf
Finished building: default.size.stdout
 
16:47:07 **** Incremental Build of configuration Debug for project ADC ****
make -j8 all 
arm-none-eabi-size   ADC.elf 
   text	   data	    bss	    dec	    hex	filename
  26292	    476	   2060	  28828	   709c	ADC.elf
Finished building: default.size.stdout
 
16:47:07 **** Incremental Build of configuration Debug for project multiplexer ****
make -j8 all 
arm-none-eabi-gcc "../Core/Src/main.c" -mcpu=cortex-m3 -std=gnu11 -g3 -DDEBUG -DUSE_HAL_DRIVER -DSTM32L152xE -c -I../Core/Inc -I../Drivers/STM32L1xx_HAL_Driver/Inc -I../Drivers/STM32L1xx_HAL_Driver/Inc/Legacy -I../Drivers/CMSIS/Device/ST/STM32L1xx/Include -I../Drivers/CMSIS/Include -O0 -ffunction-sections -fdata-sections -Wall -fstack-usage -fcyclomatic-complexity -MMD -MP -MF"Core/Src/main.d" -MT"Core/Src/main.o" --specs=nano.specs -mfloat-abi=soft -mthumb -o "Core/Src/main.o"
../Core/Src/main.c: In function 'main':
../Core/Src/main.c:91:18: warning: unused variable 'raw' [-Wunused-variable]
   91 |         uint16_t raw;
      |                  ^~~
arm-none-eabi-gcc -o "multiplexer.elf" @"objects.list"   -mcpu=cortex-m3 -T"C:\Users\Matias Grahn\STM32CubeIDE\workspace_1.12.0\multiplexer\STM32L152RETX_FLASH.ld" --specs=nosys.specs -Wl,-Map="multiplexer.map" -Wl,--gc-sections -static --specs=nano.specs -mfloat-abi=soft -mthumb -u _printf_float -Wl,--start-group -lc -lm -Wl,--end-group
Finished building target: multiplexer.elf
 
arm-none-eabi-size   multiplexer.elf 
arm-none-eabi-objdump -h -S  multiplexer.elf  > "multiplexer.list"
   text	   data	    bss	    dec	    hex	filename
  27460	    476	   2076	  30012	   753c	multiplexer.elf
Finished building: default.size.stdout
 
Finished building: multiplexer.list
 
16:47:10 **** Incremental Build of configuration Debug for project multiplexer ****
make -j8 all 
arm-none-eabi-size   multiplexer.elf 
   text	   data	    bss	    dec	    hex	filename
  27460	    476	   2076	  30012	   753c	multiplexer.elf
Finished building: default.size.stdout
 
16:48:03 **** Incremental Build of configuration Debug for project ADC ****
make -j8 all 
arm-none-eabi-size   ADC.elf 
   text	   data	    bss	    dec	    hex	filename
  26292	    476	   2060	  28828	   709c	ADC.elf
Finished building: default.size.stdout
 
16:48:04 **** Incremental Build of configuration Debug for project multiplexer ****
make -j8 all 
arm-none-eabi-gcc "../Core/Src/main.c" -mcpu=cortex-m3 -std=gnu11 -g3 -DDEBUG -DUSE_HAL_DRIVER -DSTM32L152xE -c -I../Core/Inc -I../Drivers/STM32L1xx_HAL_Driver/Inc -I../Drivers/STM32L1xx_HAL_Driver/Inc/Legacy -I../Drivers/CMSIS/Device/ST/STM32L1xx/Include -I../Drivers/CMSIS/Include -O0 -ffunction-sections -fdata-sections -Wall -fstack-usage -fcyclomatic-complexity -MMD -MP -MF"Core/Src/main.d" -MT"Core/Src/main.o" --specs=nano.specs -mfloat-abi=soft -mthumb -o "Core/Src/main.o"
../Core/Src/main.c: In function 'main':
../Core/Src/main.c:91:18: warning: unused variable 'raw' [-Wunused-variable]
   91 |         uint16_t raw;
      |                  ^~~
arm-none-eabi-gcc -o "multiplexer.elf" @"objects.list"   -mcpu=cortex-m3 -T"C:\Users\Matias Grahn\STM32CubeIDE\workspace_1.12.0\multiplexer\STM32L152RETX_FLASH.ld" --specs=nosys.specs -Wl,-Map="multiplexer.map" -Wl,--gc-sections -static --specs=nano.specs -mfloat-abi=soft -mthumb -u _printf_float -Wl,--start-group -lc -lm -Wl,--end-group
Finished building target: multiplexer.elf
 
arm-none-eabi-size   multiplexer.elf 
arm-none-eabi-objdump -h -S  multiplexer.elf  > "multiplexer.list"
   text	   data	    bss	    dec	    hex	filename
  27460	    476	   2076	  30012	   753c	multiplexer.elf
Finished building: default.size.stdout
 
Finished building: multiplexer.list
 
16:48:08 **** Incremental Build of configuration Debug for project multiplexer ****
make -j8 all 
arm-none-eabi-size   multiplexer.elf 
   text	   data	    bss	    dec	    hex	filename
  27460	    476	   2076	  30012	   753c	multiplexer.elf
Finished building: default.size.stdout
 
13:11:43 **** Build of configuration Debug for project ADC ****
make -j8 all 
arm-none-eabi-size   ADC.elf 
   text	   data	    bss	    dec	    hex	filename
  26292	    476	   2060	  28828	   709c	ADC.elf
Finished building: default.size.stdout
 
13:11:44 **** Build of configuration Debug for project multiplexer ****
make -j8 all 
arm-none-eabi-size   multiplexer.elf 
   text	   data	    bss	    dec	    hex	filename
  27460	    476	   2076	  30012	   753c	multiplexer.elf
Finished building: default.size.stdout
 
13:11:48 **** Incremental Build of configuration Debug for project multiplexer ****
make -j8 all 
arm-none-eabi-size   multiplexer.elf 
   text	   data	    bss	    dec	    hex	filename
  27460	    476	   2076	  30012	   753c	multiplexer.elf
Finished building: default.size.stdout
 
13:14:29 **** Incremental Build of configuration Debug for project multiplexer ****
make -j8 all 
arm-none-eabi-size   multiplexer.elf 
   text	   data	    bss	    dec	    hex	filename
  27460	    476	   2076	  30012	   753c	multiplexer.elf
Finished building: default.size.stdout
 
13:42:32 **** Incremental Build of configuration Debug for project ADC ****
make -j8 all 
arm-none-eabi-size   ADC.elf 
   text	   data	    bss	    dec	    hex	filename
  26292	    476	   2060	  28828	   709c	ADC.elf
Finished building: default.size.stdout
 
13:42:32 **** Incremental Build of configuration Debug for project multiplexer ****
make -j8 all 
arm-none-eabi-gcc "../Core/Src/main.c" -mcpu=cortex-m3 -std=gnu11 -g3 -DDEBUG -DUSE_HAL_DRIVER -DSTM32L152xE -c -I../Core/Inc -I../Drivers/STM32L1xx_HAL_Driver/Inc -I../Drivers/STM32L1xx_HAL_Driver/Inc/Legacy -I../Drivers/CMSIS/Device/ST/STM32L1xx/Include -I../Drivers/CMSIS/Include -O0 -ffunction-sections -fdata-sections -Wall -fstack-usage -fcyclomatic-complexity -MMD -MP -MF"Core/Src/main.d" -MT"Core/Src/main.o" --specs=nano.specs -mfloat-abi=soft -mthumb -o "Core/Src/main.o"
../Core/Src/main.c: In function 'main':
../Core/Src/main.c:91:18: warning: unused variable 'raw' [-Wunused-variable]
   91 |         uint16_t raw;
      |                  ^~~
arm-none-eabi-gcc -o "multiplexer.elf" @"objects.list"   -mcpu=cortex-m3 -T"C:\Users\Matias Grahn\STM32CubeIDE\workspace_1.12.0\multiplexer\STM32L152RETX_FLASH.ld" --specs=nosys.specs -Wl,-Map="multiplexer.map" -Wl,--gc-sections -static --specs=nano.specs -mfloat-abi=soft -mthumb -u _printf_float -Wl,--start-group -lc -lm -Wl,--end-group
Finished building target: multiplexer.elf
 
arm-none-eabi-size   multiplexer.elf 
arm-none-eabi-objdump -h -S  multiplexer.elf  > "multiplexer.list"
   text	   data	    bss	    dec	    hex	filename
  27460	    476	   2076	  30012	   753c	multiplexer.elf
Finished building: default.size.stdout
 
Finished building: multiplexer.list
 
13:47:04 **** Incremental Build of configuration Debug for project ADC ****
make -j8 all 
arm-none-eabi-size   ADC.elf 
   text	   data	    bss	    dec	    hex	filename
  26292	    476	   2060	  28828	   709c	ADC.elf
Finished building: default.size.stdout
 
13:47:04 **** Incremental Build of configuration Debug for project multiplexer ****
make -j8 all 
arm-none-eabi-gcc "../Core/Src/main.c" -mcpu=cortex-m3 -std=gnu11 -g3 -DDEBUG -DUSE_HAL_DRIVER -DSTM32L152xE -c -I../Core/Inc -I../Drivers/STM32L1xx_HAL_Driver/Inc -I../Drivers/STM32L1xx_HAL_Driver/Inc/Legacy -I../Drivers/CMSIS/Device/ST/STM32L1xx/Include -I../Drivers/CMSIS/Include -O0 -ffunction-sections -fdata-sections -Wall -fstack-usage -fcyclomatic-complexity -MMD -MP -MF"Core/Src/main.d" -MT"Core/Src/main.o" --specs=nano.specs -mfloat-abi=soft -mthumb -o "Core/Src/main.o"
../Core/Src/main.c: In function 'main':
../Core/Src/main.c:150:19: warning: implicit declaration of function 'HAl_Delay'; did you mean 'HAL_Delay'? [-Wimplicit-function-declaration]
  150 |                   HAl_Delay(1000);
      |                   ^~~~~~~~~
      |                   HAL_Delay
../Core/Src/main.c:155:79: error: 'totalVoltage' undeclared (first use in this function); did you mean 'TotalVoltage'?
  155 |                   snprintf(buffer, sizeof(buffer), "Total Voltage: %.2f\r\n", totalVoltage);
      |                                                                               ^~~~~~~~~~~~
      |                                                                               TotalVoltage
../Core/Src/main.c:155:79: note: each undeclared identifier is reported only once for each function it appears in
../Core/Src/main.c:91:18: warning: unused variable 'raw' [-Wunused-variable]
   91 |         uint16_t raw;
      |                  ^~~
make: *** [Core/Src/subdir.mk:34: Core/Src/main.o] Error 1
"make -j8 all" terminated with exit code 2. Build might be incomplete.
13:47:16 **** Incremental Build of configuration Debug for project ADC ****
make -j8 all 
arm-none-eabi-size   ADC.elf 
   text	   data	    bss	    dec	    hex	filename
  26292	    476	   2060	  28828	   709c	ADC.elf
Finished building: default.size.stdout
 
13:47:16 **** Incremental Build of configuration Debug for project multiplexer ****
make -j8 all 
arm-none-eabi-gcc "../Core/Src/main.c" -mcpu=cortex-m3 -std=gnu11 -g3 -DDEBUG -DUSE_HAL_DRIVER -DSTM32L152xE -c -I../Core/Inc -I../Drivers/STM32L1xx_HAL_Driver/Inc -I../Drivers/STM32L1xx_HAL_Driver/Inc/Legacy -I../Drivers/CMSIS/Device/ST/STM32L1xx/Include -I../Drivers/CMSIS/Include -O0 -ffunction-sections -fdata-sections -Wall -fstack-usage -fcyclomatic-complexity -MMD -MP -MF"Core/Src/main.d" -MT"Core/Src/main.o" --specs=nano.specs -mfloat-abi=soft -mthumb -o "Core/Src/main.o"
../Core/Src/main.c: In function 'main':
../Core/Src/main.c:150:19: warning: implicit declaration of function 'HAl_Delay'; did you mean 'HAL_Delay'? [-Wimplicit-function-declaration]
  150 |                   HAl_Delay(1000);
      |                   ^~~~~~~~~
      |                   HAL_Delay
../Core/Src/main.c:91:18: warning: unused variable 'raw' [-Wunused-variable]
   91 |         uint16_t raw;
      |                  ^~~
arm-none-eabi-gcc -o "multiplexer.elf" @"objects.list"   -mcpu=cortex-m3 -T"C:\Users\Matias Grahn\STM32CubeIDE\workspace_1.12.0\multiplexer\STM32L152RETX_FLASH.ld" --specs=nosys.specs -Wl,-Map="multiplexer.map" -Wl,--gc-sections -static --specs=nano.specs -mfloat-abi=soft -mthumb -u _printf_float -Wl,--start-group -lc -lm -Wl,--end-group
C:/ST/STM32CubeIDE_1.12.0/STM32CubeIDE/plugins/com.st.stm32cube.ide.mcu.externaltools.gnu-tools-for-stm32.11.3.rel1.win32_1.1.1.202309131626/tools/bin/../lib/gcc/arm-none-eabi/11.3.1/../../../../arm-none-eabi/bin/ld.exe: ./Core/Src/main.o: in function `main':
C:/Users/Matias Grahn/STM32CubeIDE/workspace_1.12.0/multiplexer/Debug/../Core/Src/main.c:150: undefined reference to `HAl_Delay'
collect2.exe: error: ld returned 1 exit status
make: *** [makefile:64: multiplexer.elf] Error 1
"make -j8 all" terminated with exit code 2. Build might be incomplete.
13:47:28 **** Incremental Build of configuration Debug for project ADC ****
make -j8 all 
arm-none-eabi-size   ADC.elf 
   text	   data	    bss	    dec	    hex	filename
  26292	    476	   2060	  28828	   709c	ADC.elf
Finished building: default.size.stdout
 
13:47:28 **** Incremental Build of configuration Debug for project multiplexer ****
make -j8 all 
arm-none-eabi-gcc "../Core/Src/main.c" -mcpu=cortex-m3 -std=gnu11 -g3 -DDEBUG -DUSE_HAL_DRIVER -DSTM32L152xE -c -I../Core/Inc -I../Drivers/STM32L1xx_HAL_Driver/Inc -I../Drivers/STM32L1xx_HAL_Driver/Inc/Legacy -I../Drivers/CMSIS/Device/ST/STM32L1xx/Include -I../Drivers/CMSIS/Include -O0 -ffunction-sections -fdata-sections -Wall -fstack-usage -fcyclomatic-complexity -MMD -MP -MF"Core/Src/main.d" -MT"Core/Src/main.o" --specs=nano.specs -mfloat-abi=soft -mthumb -o "Core/Src/main.o"
../Core/Src/main.c: In function 'main':
../Core/Src/main.c:91:18: warning: unused variable 'raw' [-Wunused-variable]
   91 |         uint16_t raw;
      |                  ^~~
arm-none-eabi-gcc -o "multiplexer.elf" @"objects.list"   -mcpu=cortex-m3 -T"C:\Users\Matias Grahn\STM32CubeIDE\workspace_1.12.0\multiplexer\STM32L152RETX_FLASH.ld" --specs=nosys.specs -Wl,-Map="multiplexer.map" -Wl,--gc-sections -static --specs=nano.specs -mfloat-abi=soft -mthumb -u _printf_float -Wl,--start-group -lc -lm -Wl,--end-group
Finished building target: multiplexer.elf
 
arm-none-eabi-size   multiplexer.elf 
arm-none-eabi-objdump -h -S  multiplexer.elf  > "multiplexer.list"
   text	   data	    bss	    dec	    hex	filename
  27564	    476	   2076	  30116	   75a4	multiplexer.elf
Finished building: default.size.stdout
 
Finished building: multiplexer.list
 
13:47:33 **** Incremental Build of configuration Debug for project multiplexer ****
make -j8 all 
arm-none-eabi-size   multiplexer.elf 
   text	   data	    bss	    dec	    hex	filename
  27564	    476	   2076	  30116	   75a4	multiplexer.elf
Finished building: default.size.stdout
 
14:11:37 **** Incremental Build of configuration Debug for project ADC ****
make -j8 all 
arm-none-eabi-size   ADC.elf 
   text	   data	    bss	    dec	    hex	filename
  26292	    476	   2060	  28828	   709c	ADC.elf
Finished building: default.size.stdout
 
14:11:37 **** Incremental Build of configuration Debug for project multiplexer ****
make -j8 all 
arm-none-eabi-gcc "../Core/Src/main.c" -mcpu=cortex-m3 -std=gnu11 -g3 -DDEBUG -DUSE_HAL_DRIVER -DSTM32L152xE -c -I../Core/Inc -I../Drivers/STM32L1xx_HAL_Driver/Inc -I../Drivers/STM32L1xx_HAL_Driver/Inc/Legacy -I../Drivers/CMSIS/Device/ST/STM32L1xx/Include -I../Drivers/CMSIS/Include -O0 -ffunction-sections -fdata-sections -Wall -fstack-usage -fcyclomatic-complexity -MMD -MP -MF"Core/Src/main.d" -MT"Core/Src/main.o" --specs=nano.specs -mfloat-abi=soft -mthumb -o "Core/Src/main.o"
arm-none-eabi-gcc "../Core/Src/stm32l1xx_hal_msp.c" -mcpu=cortex-m3 -std=gnu11 -g3 -DDEBUG -DUSE_HAL_DRIVER -DSTM32L152xE -c -I../Core/Inc -I../Drivers/STM32L1xx_HAL_Driver/Inc -I../Drivers/STM32L1xx_HAL_Driver/Inc/Legacy -I../Drivers/CMSIS/Device/ST/STM32L1xx/Include -I../Drivers/CMSIS/Include -O0 -ffunction-sections -fdata-sections -Wall -fstack-usage -fcyclomatic-complexity -MMD -MP -MF"Core/Src/stm32l1xx_hal_msp.d" -MT"Core/Src/stm32l1xx_hal_msp.o" --specs=nano.specs -mfloat-abi=soft -mthumb -o "Core/Src/stm32l1xx_hal_msp.o"
../Core/Src/main.c: In function 'main':
../Core/Src/main.c:141:25: warning: unused variable 'temperature' [-Wunused-variable]
  141 |                   float temperature = ((float)raw / 4095.0) * 3300.0 / 10.0;
      |                         ^~~~~~~~~~~
../Core/Src/main.c:155:19: error: 'TotalVoltage' undeclared (first use in this function)
  155 |                   TotalVoltage += voltages[i];
      |                   ^~~~~~~~~~~~
../Core/Src/main.c:155:19: note: each undeclared identifier is reported only once for each function it appears in
../Core/Src/main.c:161:73: error: 'temperature' undeclared (first use in this function)
  161 |               snprintf(buffer, sizeof(buffer), "Temperature: %.2f\r\n", temperature);
      |                                                                         ^~~~~~~~~~~
make: *** [Core/Src/subdir.mk:34: Core/Src/main.o] Error 1
make: *** Waiting for unfinished jobs....
"make -j8 all" terminated with exit code 2. Build might be incomplete.
14:15:07 **** Incremental Build of configuration Debug for project ADC ****
make -j8 all 
arm-none-eabi-size   ADC.elf 
   text	   data	    bss	    dec	    hex	filename
  26292	    476	   2060	  28828	   709c	ADC.elf
Finished building: default.size.stdout
 
14:15:09 **** Incremental Build of configuration Debug for project multiplexer ****
make -j8 all 
arm-none-eabi-gcc "../Core/Src/main.c" -mcpu=cortex-m3 -std=gnu11 -g3 -DDEBUG -DUSE_HAL_DRIVER -DSTM32L152xE -c -I../Core/Inc -I../Drivers/STM32L1xx_HAL_Driver/Inc -I../Drivers/STM32L1xx_HAL_Driver/Inc/Legacy -I../Drivers/CMSIS/Device/ST/STM32L1xx/Include -I../Drivers/CMSIS/Include -O0 -ffunction-sections -fdata-sections -Wall -fstack-usage -fcyclomatic-complexity -MMD -MP -MF"Core/Src/main.d" -MT"Core/Src/main.o" --specs=nano.specs -mfloat-abi=soft -mthumb -o "Core/Src/main.o"
../Core/Src/main.c: In function 'main':
../Core/Src/main.c:156:19: error: 'TotalVoltage' undeclared (first use in this function)
  156 |                   TotalVoltage += voltages[i];
      |                   ^~~~~~~~~~~~
../Core/Src/main.c:156:19: note: each undeclared identifier is reported only once for each function it appears in
make: *** [Core/Src/subdir.mk:34: Core/Src/main.o] Error 1
"make -j8 all" terminated with exit code 2. Build might be incomplete.
14:16:26 **** Incremental Build of configuration Debug for project ADC ****
make -j8 all 
arm-none-eabi-size   ADC.elf 
   text	   data	    bss	    dec	    hex	filename
  26292	    476	   2060	  28828	   709c	ADC.elf
Finished building: default.size.stdout
 
14:16:27 **** Incremental Build of configuration Debug for project multiplexer ****
make -j8 all 
arm-none-eabi-gcc "../Core/Src/main.c" -mcpu=cortex-m3 -std=gnu11 -g3 -DDEBUG -DUSE_HAL_DRIVER -DSTM32L152xE -c -I../Core/Inc -I../Drivers/STM32L1xx_HAL_Driver/Inc -I../Drivers/STM32L1xx_HAL_Driver/Inc/Legacy -I../Drivers/CMSIS/Device/ST/STM32L1xx/Include -I../Drivers/CMSIS/Include -O0 -ffunction-sections -fdata-sections -Wall -fstack-usage -fcyclomatic-complexity -MMD -MP -MF"Core/Src/main.d" -MT"Core/Src/main.o" --specs=nano.specs -mfloat-abi=soft -mthumb -o "Core/Src/main.o"
arm-none-eabi-gcc -o "multiplexer.elf" @"objects.list"   -mcpu=cortex-m3 -T"C:\Users\Matias Grahn\STM32CubeIDE\workspace_1.12.0\multiplexer\STM32L152RETX_FLASH.ld" --specs=nosys.specs -Wl,-Map="multiplexer.map" -Wl,--gc-sections -static --specs=nano.specs -mfloat-abi=soft -mthumb -u _printf_float -Wl,--start-group -lc -lm -Wl,--end-group
Finished building target: multiplexer.elf
 
arm-none-eabi-size   multiplexer.elf 
arm-none-eabi-objdump -h -S  multiplexer.elf  > "multiplexer.list"
   text	   data	    bss	    dec	    hex	filename
  27764	    476	   2076	  30316	   766c	multiplexer.elf
Finished building: default.size.stdout
 
Finished building: multiplexer.list
 
14:16:40 **** Incremental Build of configuration Debug for project multiplexer ****
make -j8 all 
arm-none-eabi-size   multiplexer.elf 
   text	   data	    bss	    dec	    hex	filename
  27764	    476	   2076	  30316	   766c	multiplexer.elf
Finished building: default.size.stdout
 
